// Jest Snapshot v1, https://goo.gl/fbAQLP

exports[`Tree View Snapshot snapshot test for TreeView correctly 1`] = `
<RCTScrollView
  data={
    [
      {
        "checked": false,
        "children": [
          {
            "checked": false,
            "children": undefined,
            "id": "2",
            "name": "Apple",
          },
          {
            "checked": false,
            "children": undefined,
            "id": "3",
            "name": "Samsung",
          },
        ],
        "description": "Mobile Devices",
        "id": "1",
        "name": "mobile",
      },
    ]
  }
  getItem={[Function]}
  getItemCount={[Function]}
  keyExtractor={[Function]}
  onContentSizeChange={[Function]}
  onLayout={[Function]}
  onMomentumScrollBegin={[Function]}
  onMomentumScrollEnd={[Function]}
  onScroll={[Function]}
  onScrollBeginDrag={[Function]}
  onScrollEndDrag={[Function]}
  removeClippedSubviews={false}
  renderItem={[Function]}
  scrollEventThrottle={0.0001}
  stickyHeaderIndices={[]}
  viewabilityConfigCallbackPairs={[]}
>
  <View>
    <View
      onFocusCapture={[Function]}
      onLayout={[Function]}
      style={null}
    >
      <View
        style={
          {
            "flexDirection": "column",
            "marginLeft": 20,
          }
        }
      >
        <View
          style={
            {
              "alignItems": "center",
              "backgroundColor": "#f0f0f0",
              "borderRadius": 8,
              "flexDirection": "row",
              "gap": 1,
              "marginBottom": 8,
              "padding": 4,
            }
          }
        >
          <View
            accessibilityRole="checkbox"
            accessibilityState={
              {
                "busy": undefined,
                "checked": false,
                "disabled": undefined,
                "expanded": undefined,
                "selected": undefined,
              }
            }
            accessibilityValue={
              {
                "max": undefined,
                "min": undefined,
                "now": undefined,
                "text": undefined,
              }
            }
            accessible={true}
            collapsable={false}
            focusable={true}
            onBlur={[Function]}
            onClick={[Function]}
            onFocus={[Function]}
            onResponderGrant={[Function]}
            onResponderMove={[Function]}
            onResponderRelease={[Function]}
            onResponderTerminate={[Function]}
            onResponderTerminationRequest={[Function]}
            onStartShouldSetResponder={[Function]}
            style={
              [
                {
                  "borderColor": "#657786",
                  "borderRadius": 2,
                  "borderWidth": 2,
                  "height": 20,
                  "width": 20,
                },
                undefined,
                false,
                false,
                undefined,
                false,
              ]
            }
            testID="checkbox-1"
          />
          <View
            accessibilityState={
              {
                "busy": undefined,
                "checked": undefined,
                "disabled": undefined,
                "expanded": undefined,
                "selected": undefined,
              }
            }
            accessibilityValue={
              {
                "max": undefined,
                "min": undefined,
                "now": undefined,
                "text": undefined,
              }
            }
            accessible={true}
            collapsable={false}
            focusable={true}
            onBlur={[Function]}
            onClick={[Function]}
            onFocus={[Function]}
            onResponderGrant={[Function]}
            onResponderMove={[Function]}
            onResponderRelease={[Function]}
            onResponderTerminate={[Function]}
            onResponderTerminationRequest={[Function]}
            onStartShouldSetResponder={[Function]}
          >
            <View
              style={
                {
                  "flex": 1,
                  "marginLeft": 10,
                }
              }
            >
              <Text
                style={
                  [
                    {
                      "color": "#11181C",
                    },
                    undefined,
                    undefined,
                    {
                      "fontSize": 16,
                      "fontWeight": "600",
                      "lineHeight": 24,
                    },
                    undefined,
                    undefined,
                    undefined,
                  ]
                }
              >
                mobile
              </Text>
              <Text
                style={
                  [
                    {
                      "color": "#11181C",
                    },
                    {
                      "fontSize": 16,
                      "lineHeight": 24,
                    },
                    undefined,
                    undefined,
                    undefined,
                    undefined,
                    {
                      "color": "#777",
                      "fontSize": 12,
                      "lineHeight": 12,
                    },
                  ]
                }
              >
                Mobile Devices
              </Text>
            </View>
          </View>
        </View>
      </View>
    </View>
  </View>
</RCTScrollView>
`;
